import time: self [us] | cumulative | imported package
import time:       516 |        516 |   _io
import time:        36 |         36 |   marshal
import time:       326 |        326 |   posix
import time:       738 |       1615 | _frozen_importlib_external
import time:        94 |         94 |   time
import time:       224 |        318 | zipimport
import time:        47 |         47 |     _codecs
import time:      1546 |       1592 |   codecs
import time:      5445 |       5445 |   encodings.aliases
import time:     19401 |      26437 | encodings
import time:     12921 |      12921 | encodings.utf_8
import time:       101 |        101 | _signal
import time:        38 |         38 |     _abc
import time:       169 |        206 |   abc
import time:       451 |        656 | io
import time:        49 |         49 |       _stat
import time:       105 |        153 |     stat
import time:      1573 |       1573 |     _collections_abc
import time:        69 |         69 |       errno
import time:        79 |         79 |       genericpath
import time:       817 |        964 |     posixpath
import time:       850 |       3539 |   os
import time:       102 |        102 |   _sitebuiltins
import time:      7642 |       7642 |   encodings.utf_8_sig
import time:     15136 |      15136 |     __future__
import time:      5939 |       5939 |       importlib
import time:        76 |       6014 |     importlib.machinery
import time:     11378 |      11378 |       importlib._abc
import time:     10581 |      10581 |       types
import time:       183 |      22142 |     importlib.util
import time:       149 |        149 |     itertools
import time:     19097 |      19097 |             keyword
import time:        90 |         90 |               _operator
import time:      9340 |       9429 |             operator
import time:     11768 |      11768 |             reprlib
import time:        72 |         72 |             _collections
import time:     53129 |      93493 |           collections
import time:        52 |         52 |           _functools
import time:     20076 |     113619 |         functools
import time:     26848 |      26848 |           contextlib
import time:      9357 |       9357 |             enum
import time:        77 |         77 |               _sre
import time:     13932 |      13932 |                 re._constants
import time:     12142 |      26073 |               re._parser
import time:      9253 |       9253 |               re._casefix
import time:     30797 |      66199 |             re._compiler
import time:     13535 |      13535 |             copyreg
import time:     18825 |     107914 |           re
import time:     18258 |      18258 |           fnmatch
import time:     19893 |     172911 |         glob
import time:     19971 |     306501 |       pathlib._abc
import time:       132 |        132 |           _winapi
import time:        84 |         84 |           nt
import time:        93 |         93 |           nt
import time:        80 |         80 |           nt
import time:        79 |         79 |           nt
import time:        76 |         76 |           nt
import time:        74 |         74 |           nt
import time:        78 |         78 |           nt
import time:       781 |       1472 |         ntpath
import time:      9575 |       9575 |         warnings
import time:       327 |        327 |         pwd
import time:     17175 |      17175 |         grp
import time:     39041 |      67587 |       pathlib._local
import time:     40295 |     414382 |     pathlib
import time:     22797 |     480616 |   __editable___fastest_tests_0_0_0_finder
import time:     12259 |      12259 |   _distutils_hack
import time:      1060 |       1060 |   sitecustomize
import time:     42463 |     547678 | site
import time:      2817 |       2817 | linecache
import time:     15252 |      15252 | unitccl_cli
import time:       454 |        454 |     _typing
import time:     13421 |      13875 |   typing
import time:     10111 |      10111 |       math
import time:     31847 |      31847 |             _json
import time:     24073 |      55919 |           json.scanner
import time:     12345 |      68263 |         json.decoder
import time:      2088 |       2088 |         json.encoder
import time:     36799 |     107150 |       json
import time:     21234 |      21234 |         _datetime
import time:     26838 |      48072 |       datetime
import time:     15360 |      15360 |         fastest.logging
import time:     11795 |      27155 |       fastest.flags
import time:     17759 |     210244 |     fastest.runner
import time:        56 |         56 |           atexit
import time:      1299 |       1299 |               _ast
import time:      9293 |      10591 |             ast
import time:     34769 |      34769 |                 _opcode
import time:     10921 |      10921 |                 _opcode_metadata
import time:     50580 |      96268 |               opcode
import time:    100384 |     196652 |             dis
import time:     11350 |      11350 |               token
import time:        44 |         44 |               _tokenize
import time:      2581 |      13975 |             tokenize
import time:      9031 |       9031 |               _weakrefset
import time:     11205 |      20236 |             weakref
import time:     20387 |     261839 |           inspect
import time:        86 |         86 |             _locale
import time:      9942 |      10028 |           locale
import time:     12840 |      12840 |               textwrap
import time:     12636 |      12636 |               _colorize
import time:      4988 |      30462 |             traceback
import time:       335 |        335 |               _string
import time:      6878 |       7213 |             string
import time:     11351 |      11351 |             threading
import time:     10020 |      59044 |           logging
import time:     13934 |      13934 |               copy
import time:     10902 |      24836 |             dataclasses
import time:     33393 |      58228 |           pprint
import time:     25462 |      25462 |             zlib
import time:      6207 |       6207 |               _compression
import time:     50374 |      50374 |               _bz2
import time:     18708 |      75288 |             bz2
import time:     46053 |      46053 |               _lzma
import time:     14284 |      60337 |             lzma
import time:     17248 |     178334 |           shutil
import time:     18948 |      18948 |             signal
import time:    176042 |     176042 |             fcntl
import time:       226 |        226 |             msvcrt
import time:      8089 |       8089 |             _posixsubprocess
import time:     28908 |      28908 |             select
import time:     13606 |      13606 |             selectors
import time:     15196 |     261012 |           subprocess
import time:     31837 |      31837 |                 _bisect
import time:     36096 |      67932 |               bisect
import time:     16642 |      16642 |               _random
import time:     10023 |      94596 |             random
import time:     13819 |     108414 |           tempfile
import time:     18265 |      18265 |             packaging
import time:     56430 |      74694 |           packaging.version
import time:     15765 |      15765 |             matplotlib._api.deprecation
import time:    250014 |     265779 |           matplotlib._api
import time:      8573 |       8573 |           matplotlib._version
import time:     11705 |      11705 |                 _struct
import time:     33560 |      45264 |               struct
import time:      6152 |      51416 |             gzip
import time:     27490 |      27490 |             shlex
import time:     18439 |      18439 |               numpy.version
import time:     10937 |      10937 |               numpy._expired_attrs_2_0
import time:     16663 |      16663 |                   numpy._utils._convertions
import time:     21100 |      37762 |                 numpy._utils
import time:     36181 |      73943 |               numpy._globals
import time:        64 |         64 |                 numpy._distributor_init_local
import time:     31698 |      31761 |               numpy._distributor_init
import time:     17710 |      17710 |                         numpy.exceptions
import time:     13917 |      13917 |                         numpy._core._exceptions
import time:     42711 |      42711 |                             _contextvars
import time:     19176 |      61887 |                           contextvars
import time:    103161 |     165047 |                         numpy._core.printoptions
import time:     16098 |      16098 |                         numpy.dtypes
import time:    818622 |    1031391 |                       numpy._core._multiarray_umath
import time:     24076 |      24076 |                         numpy._utils._inspect
import time:     14152 |      38227 |                       numpy._core.overrides
import time:     26206 |    1095823 |                     numpy._core.multiarray
import time:     12585 |      12585 |                     numpy._core.umath
import time:     11188 |      11188 |                       numbers
import time:     27618 |      27618 |                       numpy._core._dtype
import time:     29098 |      29098 |                       numpy._core._string_helpers
import time:      6552 |       6552 |                       numpy._core._type_aliases
import time:     22466 |      96921 |                     numpy._core.numerictypes
import time:     11175 |      11175 |                                 _compat_pickle
import time:     14687 |      14687 |                                 _pickle
import time:     11243 |      37104 |                               pickle
import time:     54188 |      91292 |                             numpy._core._methods
import time:      9785 |     101076 |                           numpy._core.fromnumeric
import time:     19388 |     120464 |                         numpy._core.shape_base
import time:     11014 |      11014 |                         numpy._core._ufunc_config
import time:     34783 |      34783 |                         numpy._core._asarray
import time:     16141 |      16141 |                         numpy._core.arrayprint
import time:     10802 |     193202 |                       numpy._core.numeric
import time:     10558 |     203759 |                     numpy._core.einsumfunc
import time:     13382 |      13382 |                     numpy._core.function_base
import time:     34123 |      34123 |                     numpy._core.getlimits
import time:     12430 |      12430 |                     numpy._core.memmap
import time:      6990 |       6990 |                     numpy._core.records
import time:     32329 |      32329 |                     numpy._core._add_newdocs
import time:     13391 |      13391 |                     numpy._core._add_newdocs_scalars
import time:     15397 |      15397 |                     numpy._core._dtype_ctypes
import time:     97628 |      97628 |                         _ctypes
import time:     15591 |      15591 |                         ctypes._endian
import time:     25256 |     138474 |                       ctypes
import time:     18024 |     156498 |                     numpy._core._internal
import time:      8534 |       8534 |                     numpy._pytesttester
import time:     21177 |    1723333 |                   numpy._core
import time:        33 |    1723366 |                 numpy._core._multiarray_umath
import time:     10201 |    1733566 |               numpy.__config__
import time:     17171 |      17171 |                                 numpy._typing._nbit_base
import time:     14113 |      14113 |                                 numpy._typing._nested_sequence
import time:     26752 |      26752 |                                 numpy._typing._shape
import time:     16537 |      74571 |                               numpy._typing._array_like
import time:     15179 |      15179 |                               numpy._typing._char_codes
import time:     11055 |      11055 |                               numpy._typing._dtype_like
import time:     13205 |      13205 |                               numpy._typing._nbit
import time:      8469 |       8469 |                               numpy._typing._scalars
import time:     19962 |      19962 |                               numpy._typing._ufunc
import time:     10238 |     152676 |                             numpy._typing
import time:     16940 |      16940 |                               numpy.lib._stride_tricks_impl
import time:      9835 |      26775 |                             numpy.lib._twodim_base_impl
import time:     13207 |      13207 |                               numpy.lib._array_utils_impl
import time:     15090 |      28297 |                             numpy.lib.array_utils
import time:      2716 |       2716 |                             numpy.linalg._umath_linalg
import time:     61796 |     272258 |                           numpy.linalg._linalg
import time:     14558 |     286815 |                         numpy.linalg
import time:      6559 |     293374 |                       numpy.matrixlib.defmatrix
import time:     11117 |     304490 |                     numpy.matrixlib
import time:      9546 |       9546 |                       numpy.lib._histograms_impl
import time:     36763 |      46308 |                     numpy.lib._function_base_impl
import time:     16596 |     367392 |                   numpy.lib._index_tricks_impl
import time:     15247 |     382639 |                 numpy.lib._arraypad_impl
import time:     12140 |      12140 |                 numpy.lib._arraysetops_impl
import time:     20457 |      20457 |                 numpy.lib._arrayterator_impl
import time:     10107 |      10107 |                 numpy.lib._nanfunctions_impl
import time:       169 |        169 |                           _wmi
import time:     13881 |      14050 |                         platform
import time:     63781 |      77831 |                       numpy.lib._utils_impl
import time:     11735 |      89566 |                     numpy.lib._format_impl
import time:     13953 |     103518 |                   numpy.lib.format
import time:     20202 |      20202 |                   numpy.lib._datasource
import time:     54182 |      54182 |                   numpy.lib._iotools
import time:     91744 |     269644 |                 numpy.lib._npyio_impl
import time:     15692 |      15692 |                     numpy.lib._ufunclike_impl
import time:     28252 |      43944 |                   numpy.lib._type_check_impl
import time:     23725 |      67668 |                 numpy.lib._polynomial_impl
import time:     22591 |      22591 |                 numpy.lib._shape_base_impl
import time:     18818 |      18818 |                 numpy.lib._version
import time:     21011 |      21011 |                 numpy.lib.introspect
import time:     10656 |      10656 |                 numpy.lib.mixins
import time:     11828 |      11828 |                 numpy.lib.npyio
import time:     11901 |      11901 |                   numpy.lib._scimath_impl
import time:     11862 |      23763 |                 numpy.lib.scimath
import time:      4556 |       4556 |                 numpy.lib.stride_tricks
import time:      2806 |     878678 |               numpy.lib
import time:      6780 |       6780 |               numpy._array_api_info
import time:     71124 |    2825226 |             numpy
import time:     27785 |      27785 |             matplotlib._c_internal_utils
import time:     12450 |    2944365 |           matplotlib.cbook
import time:     10224 |      10224 |           matplotlib._docstring
import time:     16749 |      16749 |               matplotlib.backends.registry
import time:     11583 |      28331 |             matplotlib.backends
import time:     20488 |      20488 |                 binascii
import time:     17557 |      38045 |               base64
import time:     19788 |      19788 |                 PIL._version
import time:     28238 |      48026 |               PIL
import time:      6960 |       6960 |                 PIL.ExifTags
import time:     12205 |      12205 |                 PIL.ImageMode
import time:      9932 |       9932 |                 PIL.TiffTags
import time:     15128 |      15128 |                 PIL._binary
import time:     11965 |      11965 |                 PIL._deprecate
import time:      8661 |       8661 |                 PIL._util
import time:       178 |        178 |                 defusedxml
import time:    351390 |     351390 |                 PIL._imaging
import time:     16282 |     432698 |               PIL.Image
import time:     52026 |      52026 |                     _decimal
import time:     25801 |      77826 |                   decimal
import time:     37498 |     115324 |                 fractions
import time:     13547 |      13547 |                 PIL.ImageChops
import time:      6796 |       6796 |                 PIL.ImageFile
import time:      2708 |       2708 |                   array
import time:     33559 |      33559 |                   PIL.GimpGradientFile
import time:     12554 |      12554 |                   PIL.GimpPaletteFile
import time:     11182 |      11182 |                   PIL.ImageColor
import time:     45352 |      45352 |                   PIL.PaletteFile
import time:     54590 |     159942 |                 PIL.ImagePalette
import time:     37306 |      37306 |                 PIL.ImageSequence
import time:     12882 |     345794 |               PIL.PngImagePlugin
import time:     10877 |      10877 |               matplotlib._cm
import time:     15145 |      15145 |                     matplotlib._path
import time:     14873 |      14873 |                       matplotlib.bezier
import time:     16038 |      30911 |                     matplotlib.path
import time:     13424 |      59479 |                   matplotlib.transforms
import time:     31000 |      90479 |                 matplotlib.ticker
import time:      6233 |      96711 |               matplotlib.scale
import time:     41191 |      41191 |               matplotlib._image
import time:     14331 |      14331 |               matplotlib._color_data
import time:     10977 |    1038646 |             matplotlib.colors
import time:     13503 |      13503 |                 pyparsing.warnings
import time:     23609 |      23609 |                 pyparsing.util
import time:     21034 |      21034 |                   pyparsing.unicode
import time:     13900 |      34933 |                 pyparsing.exceptions
import time:     14852 |      14852 |                   pyparsing.results
import time:     13228 |      28079 |                 pyparsing.actions
import time:     44983 |      44983 |                 pyparsing.core
import time:     10187 |      10187 |                       html.entities
import time:     11518 |      21704 |                     html
import time:        25 |      21729 |                   html.entities
import time:     14294 |      36023 |                 pyparsing.helpers
import time:      8312 |       8312 |                       unittest.util
import time:     25616 |      33928 |                     unittest.result
import time:     19161 |      19161 |                           _heapq
import time:     15443 |      34604 |                         heapq
import time:     18591 |      53194 |                       difflib
import time:      8548 |      61742 |                     unittest.case
import time:      6221 |       6221 |                     unittest.suite
import time:      9808 |       9808 |                     unittest.loader
import time:      8308 |       8308 |                         gettext
import time:      9068 |      17376 |                       argparse
import time:     10431 |      10431 |                         unittest.signals
import time:     34302 |      44733 |                       unittest.runner
import time:     14121 |      76228 |                     unittest.main
import time:     13432 |     201356 |                   unittest
import time:      1948 |     203303 |                 pyparsing.testing
import time:     13699 |      13699 |                 pyparsing.common
import time:     10612 |      10612 |                     importlib.resources.abc
import time:     15710 |      26322 |                   importlib.resources._common
import time:      9836 |       9836 |                   importlib.resources._functional
import time:     21527 |      57685 |                 importlib.resources
import time:     15624 |     471438 |               pyparsing
import time:     17340 |     488778 |             matplotlib._fontconfig_pattern
import time:     14377 |      14377 |             matplotlib._enums
import time:      6902 |       6902 |             cycler
import time:     17446 |    1594478 |           matplotlib.rcsetup
import time:    179616 |     179616 |           matplotlib.ft2font
import time:     29042 |      29042 |           dateutil._version
import time:     12450 |      12450 |             kiwisolver.exceptions
import time:    155372 |     167822 |           kiwisolver._cext
import time:     19278 |      19278 |             numpy.ma.core
import time:     16002 |      16002 |             numpy.ma.extras
import time:     14120 |      49399 |           numpy.ma
import time:     11976 |      11976 |               matplotlib.artist
import time:     33829 |      45805 |             matplotlib.colorizer
import time:      8730 |       8730 |             matplotlib._cm_listed
import time:     28001 |      28001 |             matplotlib._cm_multivar
import time:     11770 |      11770 |             matplotlib._cm_bivar
import time:     16920 |     111223 |           matplotlib.cm
import time:    154349 |    6526510 |         matplotlib
import time:      3494 |       3494 |               _socket
import time:     11563 |      15057 |             socket
import time:     23049 |      23049 |                 _uuid
import time:     19053 |      42101 |               uuid
import time:     16343 |      16343 |               matplotlib._pylab_helpers
import time:     31239 |      89682 |             matplotlib.backend_tools
import time:     13201 |      13201 |                       xml
import time:      8454 |      21654 |                     xml.parsers
import time:     64050 |      64050 |                     pyexpat
import time:     29746 |     115449 |                   xml.parsers.expat
import time:     10496 |     125945 |                 plistlib
import time:     43690 |      43690 |                   matplotlib._mathtext_data
import time:     12763 |      56452 |                 matplotlib._afm
import time:     34800 |     217196 |               matplotlib.font_manager
import time:     16876 |      16876 |                 matplotlib.hatch
import time:     43172 |      43172 |                   matplotlib.markers
import time:     17523 |      60695 |                 matplotlib.lines
import time:     34397 |     111966 |               matplotlib.patches
import time:     23739 |      23739 |                   urllib
import time:     13854 |      13854 |                   ipaddress
import time:     43832 |      81424 |                 urllib.parse
import time:     26362 |      26362 |                 matplotlib._text_helpers
import time:     20965 |      20965 |                 matplotlib.dviread
import time:     32821 |      32821 |                     unicodedata
import time:     92794 |     125614 |                   matplotlib._mathtext
import time:     11096 |     136710 |                 matplotlib.mathtext
import time:    338655 |     338655 |                     _hashlib
import time:     18982 |      18982 |                     _blake2
import time:     40731 |     398367 |                   hashlib
import time:     35145 |     433512 |                 matplotlib.texmanager
import time:     39440 |     738411 |               matplotlib.textpath
import time:     65888 |    1133460 |             matplotlib.text
import time:     18094 |      18094 |             matplotlib._tight_bbox
import time:     48865 |      48865 |               matplotlib.collections
import time:     25213 |      74077 |             matplotlib.widgets
import time:     10315 |      10315 |             matplotlib.backend_managers
import time:     14141 |      14141 |                 matplotlib._layoutgrid
import time:     12895 |      27035 |               matplotlib._constrained_layout
import time:     44057 |      44057 |               matplotlib._tight_layout
import time:     22078 |      93169 |             matplotlib.layout_engine
import time:     17605 |    1451455 |           matplotlib.backend_bases
import time:     20793 |    1472248 |         matplotlib.image
import time:    518525 |     518525 |           matplotlib.style.core
import time:     23570 |     542095 |         matplotlib.style
import time:      6039 |       6039 |           matplotlib._blocking_input
import time:     26182 |      26182 |                 matplotlib.offsetbox
import time:      9415 |       9415 |                   matplotlib.units
import time:     24022 |      33436 |                 matplotlib.axis
import time:      8328 |       8328 |                 matplotlib.gridspec
import time:     24781 |      24781 |                 matplotlib.spines
import time:     27635 |      27635 |                 matplotlib.table
import time:     17268 |     137628 |               matplotlib.axes._base
import time:      3295 |       3295 |                       calendar
import time:     31267 |      31267 |                       six
import time:     52541 |      52541 |                       dateutil._common
import time:        67 |         67 |                         six.moves
import time:      1788 |       1788 |                         dateutil.tz._common
import time:     10508 |      10508 |                         dateutil.tz._factories
import time:        45 |         45 |                           six.moves.winreg
import time:     14339 |      14383 |                         dateutil.tz.win
import time:     25312 |      52057 |                       dateutil.tz.tz
import time:     56579 |     195738 |                     dateutil.parser._parser
import time:     12422 |      12422 |                     dateutil.parser.isoparser
import time:      8043 |     216201 |                   dateutil.parser
import time:     56485 |     272686 |                 matplotlib.category
import time:     29708 |      29708 |                 matplotlib.contour
import time:     83341 |      83341 |                   dateutil.rrule
import time:      8216 |      91556 |                 matplotlib.dates
import time:      2825 |       2825 |                 matplotlib.inset
import time:     18443 |      18443 |                   matplotlib.container
import time:     13166 |      13166 |                   matplotlib.legend_handler
import time:     24907 |      56515 |                 matplotlib.legend
import time:     10145 |      10145 |                 matplotlib.mlab
import time:     10827 |      10827 |                 matplotlib.quiver
import time:     13626 |      13626 |                 matplotlib.stackplot
import time:     10867 |      10867 |                 matplotlib.streamplot
import time:     10376 |      10376 |                   matplotlib.tri._triangulation
import time:      7911 |       7911 |                   matplotlib.tri._tricontour
import time:      8805 |       8805 |                   matplotlib.tri._trifinder
import time:      6849 |       6849 |                     matplotlib.tri._tritools
import time:      8389 |      15238 |                   matplotlib.tri._triinterpolate
import time:     16489 |      16489 |                   matplotlib.tri._tripcolor
import time:     18548 |      18548 |                   matplotlib.tri._triplot
import time:     11198 |      11198 |                   matplotlib.tri._trirefine
import time:     15025 |     103586 |                 matplotlib.tri
import time:     14245 |      14245 |                 matplotlib.axes._secondary_axes
import time:     33374 |     649954 |               matplotlib.axes._axes
import time:      5930 |     793510 |             matplotlib.axes
import time:     22489 |      22489 |             matplotlib.projections.geo
import time:     17465 |      17465 |             matplotlib.projections.polar
import time:      3050 |       3050 |               mpl_toolkits
import time:     10047 |      10047 |                   mpl_toolkits.mplot3d.proj3d
import time:     27536 |      37582 |                 mpl_toolkits.mplot3d.art3d
import time:     16961 |      16961 |                 mpl_toolkits.mplot3d.axis3d
import time:     21143 |      75685 |               mpl_toolkits.mplot3d.axes3d
import time:     11001 |      89735 |             mpl_toolkits.mplot3d
import time:     14585 |     937783 |           matplotlib.projections
import time:     19071 |      19071 |           matplotlib.colorbar
import time:     26449 |     989340 |         matplotlib.figure
import time:     21822 |    9552012 |       matplotlib.pyplot
import time:     23505 |    9575516 |     fastest.plotting
import time:     12829 |    9798588 |   fastest
import time:     20176 |      20176 |   unitccl_cli.config
import time:     20356 |      20356 |   unitccl_cli.logging_utils
import time:     11161 |    9864154 | unitccl_cli.fastest_iface
